C51 COMPILER V9.56.0.0   HC89F30XB_ISR                                                     08/12/2020 17:39:40 PAGE 1   


C51 COMPILER V9.56.0.0, COMPILATION OF MODULE HC89F30XB_ISR
OBJECT MODULE PLACED IN .\Output\HC89F30xB_ISR.obj
COMPILER INVOKED BY: F:\Keil\C51\BIN\C51.EXE ..\..\User\C\HC89F30xB_ISR.c OMF2 OPTIMIZE(8,SPEED) BROWSE INCDIR(..\..\App
                    -lication;..\..\User\INC;..\..\Libraries) DEBUG PRINT(.\List\HC89F30xB_ISR.lst) TABS(2) OBJECT(.\Output\HC89F30xB_ISR.obj
                    -)

line level    source

   1          /******************* (C) COPYRIGHT 2009~2019 holychip **************************
   2          * File Name          : HC89F30xB_ISR.c
   3          ********************************************************************************
   4          
   5          
   6          *******************************************************************************/
   7          #include "HC89F303B.h"
   8          
   9          //================================================================================
  10          extern void CTK_ISR_Handle(void);
  11          extern void WDT_ISR_Handle(void);
  12          extern void TIMER0_ISR_Handle(void);
  13          
  14          /****************************************************************************
  15          * Function Name  : ISR_INT0
  16          * Description    : INT0 interrupt request
  17          * Input          : None
  18          * Output         : None
  19          * Return         : None
  20          ****************************************************************************/
  21          void ISR_INT0(void)      interrupt INT0_VECTOR
  22          {
  23   1        while(1);
  24   1      }
  25          
  26          /****************************************************************************
  27          * Function Name  : ISR_Timer0
  28          * Description    : Timer0 interrupt request
  29          * Input          : None
  30          * Output         : None
  31          * Return         : None
  32          ****************************************************************************/
  33          void ISR_Timer0(void)     interrupt TIMER0_VECTOR
  34          {
  35   1        TIMER0_ISR_Handle();
  36   1      }
  37          
  38          /****************************************************************************
  39          * Function Name  : ISR_INT1
  40          * Description    : INT1 interrupt request
  41          * Input          : None
  42          * Output         : None
  43          * Return         : None
  44          ****************************************************************************/
  45          void ISR_INT1(void)       interrupt INT1_VECTOR
  46          {
  47   1        while(1);
  48   1      }
  49          
  50          /****************************************************************************
  51          * Function Name  : ISR_Timer1
  52          * Description    : Timer1 interrupt request
  53          * Input          : None
C51 COMPILER V9.56.0.0   HC89F30XB_ISR                                                     08/12/2020 17:39:40 PAGE 2   

  54          * Output         : None
  55          * Return         : None
  56          ****************************************************************************/
  57          void ISR_Timer1(void)     interrupt TIMER1_VECTOR
  58          {
  59   1        while(1);
  60   1      }
  61          
  62          /****************************************************************************
  63          * Function Name  : ISR_UART1
  64          * Description    : UART1 interrupt request
  65          * Input          : None
  66          * Output         : None
  67          * Return         : None
  68          ****************************************************************************/
  69          void ISR_UART1(void)     interrupt UART1_VECTOR
  70          {
  71   1        while(1);
  72   1      }
  73          
  74          /****************************************************************************
  75          * Function Name  : ISR_WDT
  76          * Description    : WDT interrupt request
  77          * Input          : None
  78          * Output         : None
  79          * Return         : None
  80          ****************************************************************************/
  81          void ISR_WDT(void)       interrupt WDT_VECTOR
  82          {
  83   1        WDT_ISR_Handle();
  84   1      }
  85          
  86          /****************************************************************************
  87          * Function Name  : ISR_IIC
  88          * Description    : IIC interrupt request
  89          * Input          : None
  90          * Output         : None
  91          * Return         : None
  92          ****************************************************************************/
  93          void ISR_IIC(void)       interrupt IIC_VECTOR
  94          {
  95   1        while(1);
  96   1      }
  97          
  98          /****************************************************************************
  99          * Function Name  : ISR_Timer3
 100          * Description    : Timer3 interrupt request
 101          * Input          : None
 102          * Output         : None
 103          * Return         : None
 104          ****************************************************************************/
 105          void ISR_Timer3(void)     interrupt T3_VECTOR
 106          {
 107   1        while(1);
 108   1      }
 109          
 110          /****************************************************************************
 111          * Function Name  : ISR_Timer4
 112          * Description    : Timer4 interrupt request
 113          * Input          : None
 114          * Output         : None
 115          * Return         : None
C51 COMPILER V9.56.0.0   HC89F30XB_ISR                                                     08/12/2020 17:39:40 PAGE 3   

 116          ****************************************************************************/
 117          void ISR_Timer4(void)     interrupt T4_VECTOR
 118          {
 119   1        while(1);
 120   1      }
 121          
 122          /****************************************************************************
 123          * Function Name  : ISR_PWM
 124          * Description    : PWM interrupt request
 125          * Input          : None
 126          * Output         : None
 127          * Return         : None
 128          ****************************************************************************/
 129          void ISR_PWM(void)       interrupt PWM_VECTOR
 130          {
 131   1        while(1);
 132   1      }
 133          
 134          /****************************************************************************
 135          * Function Name  : ISR_CTK
 136          * Description    : CTK interrupt request
 137          * Input          : None
 138          * Output         : None
 139          * Return         : None
 140          ****************************************************************************/
 141          
 142          void ISR_CTK(void)      interrupt CTK_VECTOR
 143          {
 144   1        CTK_ISR_Handle();
 145   1      }
 146          
 147          /****************************************************************************
 148          * Function Name  : ISR_ADC
 149          * Description    : ADC interrupt request
 150          * Input          : None
 151          * Output         : None
 152          * Return         : None
 153          ****************************************************************************/
 154          void ISR_ADC(void)      interrupt ADC_VECTOR
 155          {
 156   1        while(1);
 157   1      }
 158          
 159          /****************************************************************************
 160          * Function Name  : ISR_INT16_17
 161          * Description    : INT16~17 interrupt request
 162          * Input          : None
 163          * Output         : None
 164          * Return         : None
 165          ****************************************************************************/
 166          void ISR_INT16_17(void)  interrupt INT16_17_VECTOR
 167          {
 168   1        while(1);
 169   1      }
 170          
 171          /*********************************END OF FILE************************************/
 172          /******************* (C) COPYRIGHT 2009~2019 holychip ***************************/


MODULE INFORMATION:   STATIC OVERLAYABLE
   CODE SIZE        =    236    ----
   CONSTANT SIZE    =   ----    ----
C51 COMPILER V9.56.0.0   HC89F30XB_ISR                                                     08/12/2020 17:39:40 PAGE 4   

   XDATA SIZE       =   ----    ----
   PDATA SIZE       =   ----    ----
   DATA SIZE        =   ----    ----
   IDATA SIZE       =   ----    ----
   BIT SIZE         =   ----    ----
   EDATA SIZE       =   ----    ----
   HDATA SIZE       =   ----    ----
   XDATA CONST SIZE =   ----    ----
   FAR CONST SIZE   =   ----    ----
END OF MODULE INFORMATION.


C51 COMPILATION COMPLETE.  0 WARNING(S),  0 ERROR(S)
