C51 COMPILER V9.56.0.0   HC89F30XB_SYS                                                     08/12/2020 17:39:40 PAGE 1   


C51 COMPILER V9.56.0.0, COMPILATION OF MODULE HC89F30XB_SYS
OBJECT MODULE PLACED IN .\Output\HC89F30xB_SYS.obj
COMPILER INVOKED BY: F:\Keil\C51\BIN\C51.EXE ..\..\User\C\HC89F30xB_SYS.c OMF2 OPTIMIZE(8,SPEED) BROWSE INCDIR(..\..\App
                    -lication;..\..\User\INC;..\..\Libraries) DEBUG PRINT(.\List\HC89F30xB_SYS.lst) TABS(2) OBJECT(.\Output\HC89F30xB_SYS.obj
                    -)

line level    source

   1          /******************* (C) COPYRIGHT 2009~2019 holychip **************************
   2          * File Name          : HC89F30xB_SYS.c
   3          ********************************************************************************
   4          
   5          
   6          *******************************************************************************/
   7          #include  "HC89F303B.h"
   8          #include  "HC89F30xB_SYS.h"
   9          
  10          /****************************************************************************
  11          * Function Name  :
  12          * Description    :
  13          * Input          : None
  14          * Output         : None
  15          * Return         : None
  16          ****************************************************************************/
  17          void SystemInit(void)
  18          {
  19   1        //SYS CLOCK
  20   1        CLKSWR = (SYSCLK_SEL << 4) | SYSCLK_HSRC_DIV;
  21   1      
  22   1        CLKDIV = SYSCLK_FCPU_DIV;
  23   1      
  24   1        //BOR
  25   1      #if  1
  26   1        RSTDBC = 0XFF;      //Timer = RSTDBC*8*Tcpu + 2Tcpu
  27   1        BORC = bmBOREN | bmBOR_DBC_EN | BOR_SET_2V4 ;     //
  28   1      #else
                BORC = BORC & ~bmBOREN;
              #endif
  31   1      }
  32          
  33          /*********************************END OF FILE************************************/
  34          /******************* (C) COPYRIGHT 2009~2019 holychip ***************************/


MODULE INFORMATION:   STATIC OVERLAYABLE
   CODE SIZE        =     22    ----
   CONSTANT SIZE    =   ----    ----
   XDATA SIZE       =   ----    ----
   PDATA SIZE       =   ----    ----
   DATA SIZE        =   ----    ----
   IDATA SIZE       =   ----    ----
   BIT SIZE         =   ----    ----
   EDATA SIZE       =   ----    ----
   HDATA SIZE       =   ----    ----
   XDATA CONST SIZE =   ----    ----
   FAR CONST SIZE   =   ----    ----
END OF MODULE INFORMATION.


C51 COMPILATION COMPLETE.  0 WARNING(S),  0 ERROR(S)
