C51 COMPILER V9.56.0.0   HC_DELAY                                                          08/12/2020 17:39:40 PAGE 1   


C51 COMPILER V9.56.0.0, COMPILATION OF MODULE HC_DELAY
OBJECT MODULE PLACED IN .\Output\HC_Delay.obj
COMPILER INVOKED BY: F:\Keil\C51\BIN\C51.EXE ..\..\User\C\HC_Delay.c OMF2 OPTIMIZE(8,SPEED) BROWSE INCDIR(..\..\Applicat
                    -ion;..\..\User\INC;..\..\Libraries) DEBUG PRINT(.\List\HC_Delay.lst) TABS(2) OBJECT(.\Output\HC_Delay.obj)

line level    source

   1          /******************* (C) COPYRIGHT 2009~2019 holychip **************************
   2          * File Name          : HC_Delay.c
   3          ********************************************************************************
   4          
   5          本延时程序，用户使用时，请根据实际测试后再使用！
   6          
   7          *******************************************************************************/
   8          #include "HC89F30xB_SYS.h"
   9          #include "HC89F303B.h"
  10          #include "HC_Delay.h"
  11          #include <intrins.h>
  12          
  13          //===============================================================================
  14          #ifdef DELAY_TIME_1US_FUNCTION
  15          /**********************************************************
  16          * Delay_us
  17          **********************************************************/
  18          void  Delay_us(u8 n)
  19          {
  20   1        u16 i;
  21   1      
  22   1        while(n--)
  23   1        {
  24   2          i = SYSCLK_FCPU / 1000 / 102;
  25   2      
  26   2          while(--i)  ;
  27   2        }
  28   1      }
  29          #endif
  30          
  31          //===============================================================================
  32          #ifdef DELAY_TIME_10US_FUNCTION
  33          /**********************************************************
  34          * Delay10us
  35          **********************************************************/
  36          void Delay_10us(u8 n)
  37          {
  38   1        u8 i;
  39   1      
  40   1        while(n--)
  41   1        {
  42   2          i = SYSCLK_FCPU / 2000000;
  43   2      
  44   2          while(i--)
  45   2          {
  46   3            _nop_();
  47   3            _nop_();
  48   3            _nop_();
  49   3            _nop_();
  50   3            _nop_();
  51   3            _nop_();
  52   3          }
  53   2        }
  54   1      }
C51 COMPILER V9.56.0.0   HC_DELAY                                                          08/12/2020 17:39:40 PAGE 2   

  55          #endif
  56          
  57          //===============================================================================
  58          #ifdef DELAY_TIME_100US_FUNCTION
  59          /**********************************************************
  60          * Delay100us
  61          **********************************************************/
  62          void Delay_100us(u8 n)
  63          {
  64   1        u8 i;
  65   1      
  66   1        while(n--)
  67   1        {
  68   2          for(i = 0; i < 130; i++)
  69   2          {
  70   3            _nop_();
  71   3          }
  72   2        }
  73   1      }
  74          #endif
  75          
  76          //===============================================================================
  77          #ifdef DELAY_TIME_1MS_FUNCTION
  78          /**********************************************************
  79          * Delay_1ms
  80          **********************************************************/
  81          void Delay_1ms(u8 n)
  82          {
  83   1        u16 i;
  84   1      
  85   1        while(n--)
  86   1        {
  87   2          i = SYSCLK_FCPU / 20000;
  88   2      
  89   2          while(i--)
  90   2          {
  91   3            _nop_();
  92   3            _nop_();
  93   3            _nop_();
  94   3            _nop_();
  95   3          }
  96   2        }
  97   1      }
  98          
  99          #endif
 100          
 101          //===============================================================================
 102          #ifdef DELAY_TIME_10MS_FUNCTION
 103          /**********************************************************
 104          * Delay10ms
 105          **********************************************************/
 106          
 107          void Delay_10ms(u8 n)
 108          {
 109   1        u16 i;
 110   1      
 111   1        while(n--)
 112   1        {
 113   2          i = SYSCLK_FCPU / 2000;
 114   2      
 115   2          while(i--)
 116   2          {
C51 COMPILER V9.56.0.0   HC_DELAY                                                          08/12/2020 17:39:40 PAGE 3   

 117   3            _nop_();
 118   3            _nop_();
 119   3            _nop_();
 120   3            _nop_();
 121   3          }
 122   2        }
 123   1      }
 124          #endif
 125          
 126          /*********************************END OF FILE************************************/


MODULE INFORMATION:   STATIC OVERLAYABLE
   CODE SIZE        =    118    ----
   CONSTANT SIZE    =   ----    ----
   XDATA SIZE       =   ----    ----
   PDATA SIZE       =   ----    ----
   DATA SIZE        =   ----    ----
   IDATA SIZE       =   ----    ----
   BIT SIZE         =   ----    ----
   EDATA SIZE       =   ----    ----
   HDATA SIZE       =   ----    ----
   XDATA CONST SIZE =   ----    ----
   FAR CONST SIZE   =   ----    ----
END OF MODULE INFORMATION.


C51 COMPILATION COMPLETE.  0 WARNING(S),  0 ERROR(S)
