C51 COMPILER V9.56.0.0   WDT                                                               08/12/2020 17:39:39 PAGE 1   


C51 COMPILER V9.56.0.0, COMPILATION OF MODULE WDT
OBJECT MODULE PLACED IN .\Output\WDT.obj
COMPILER INVOKED BY: F:\Keil\C51\BIN\C51.EXE ..\..\Application\WDT\WDT.c OMF2 OPTIMIZE(8,SPEED) BROWSE INCDIR(..\..\Appl
                    -ication;..\..\User\INC;..\..\Libraries) DEBUG PRINT(.\List\WDT.lst) TABS(2) OBJECT(.\Output\WDT.obj)

line level    source

   1          /******************* (C) COPYRIGHT 2009~2019 holychip **************************
   2          * File Name          : WDT.c
   3          * Author             : Touch Team
   4          * Version            : V1.0.5.0
   5          * Date               : 2019/10/01
   6          ********************************************************************************
   7          
   8          
   9          *******************************************************************************/
  10          #include "HC89F303B.h"
  11          #include "WDT\WDT.h"
  12          #include "HC89F30xB_SYS.h"
  13          #include "Fun_Handle\Fun_Handle.h"
  14          #include "HC_Delay.h"
  15          
  16          //===============================================================================
  17          //WDT  ±÷”≤‚¡ø”ÎWDTCCR≈‰÷√
  18          //±æ≥Ã–Ú≤ª‘ –Ì–ﬁ∏ƒ
  19          void WDT_Clock_Freq_Cal(void)
  20          {
  21   1        WDTCCR = (u32)WDT_WAKE_TIMER * 44000 / 1000 / 256+1;
  22   1      }
  23          
  24          //===============================================================================
  25          //WDTC≈‰÷√, π”√WDT“Á≥ˆªΩ–— ±£¨EA&EWDT±ÿ–ËŒ™"1"£¨«“—” ±¥Û”⁄100US∫Û£¨MCU≤≈‘ –Ì≤Ÿ◊˜PCONºƒ¥Ê∆˜£¨øÿ÷∆MCUπ§◊˜ƒ£ 
             -Ω
  26          //±æ≥Ã–Ú≤ª‘ –Ì–ﬁ∏ƒ
  27          #pragma disable
  28          void WDT_INIT(void)
  29          {
  30   1        WDTC = 0x15; // 1:256  //≤ª‘ –Ì–ﬁ∏ƒ
  31   1        EWDT = 1;
  32   1        Delay_100us(1); //must > 100us
  33   1      }
  34          
  35          //===============================================================================
  36          //WDT÷–∂Œ¥¶¿Ì≥Ã–Ú
  37          //±æ≥Ã–Ú≤ª‘ –Ì–ﬁ∏ƒ
  38          void WDT_ISR_Handle(void)
  39          {
  40   1        WDTC = 0x05; // 1:256
  41   1      }
  42          /*********************************END OF FILE************************************/


MODULE INFORMATION:   STATIC OVERLAYABLE
   CODE SIZE        =     33    ----
   CONSTANT SIZE    =   ----    ----
   XDATA SIZE       =   ----    ----
   PDATA SIZE       =   ----    ----
   DATA SIZE        =   ----    ----
   IDATA SIZE       =   ----    ----
   BIT SIZE         =   ----    ----
   EDATA SIZE       =   ----    ----
C51 COMPILER V9.56.0.0   WDT                                                               08/12/2020 17:39:39 PAGE 2   

   HDATA SIZE       =   ----    ----
   XDATA CONST SIZE =   ----    ----
   FAR CONST SIZE   =   ----    ----
END OF MODULE INFORMATION.


C51 COMPILATION COMPLETE.  0 WARNING(S),  0 ERROR(S)
